

[GitHub](https://www.github.com)
[b](#bmd)
[a-sub](#suba-submd)
[self-a](#self-a)
[title-b](#title-b)
[sub-title-b](#title-b)



[a](#amd)
[self-b](#self-b)
[title-a](#title-a)
[sub-title-a](#title-a)



[a](#amd)
[self-a](#self-a)
[title-a](#title-a)
[sub-title-b](#title-b)

